C:\xampp\htdocs\Github\tuts\laravel-jptuts-tasklist>php artisan make:model Task -mcr
Model created successfully.
Created Migration: 2019_04_20_153401_create_tasks_table
Controller created successfully.

C:\xampp\htdocs\Github\tuts\laravel-jptuts-tasklist>php artisan migrate
Migration table created successfully.
Migrating: 2014_10_12_000000_create_users_table

   Illuminate\Database\QueryException  : SQLSTATE[42000]: Syntax error or access violation: 1071 Specified key was too long; max key length is 767 bytes (SQL: alter table `users` add
unique `users_email_unique`(`email`))

  at C:\xampp\htdocs\Github\tuts\laravel-jptuts-tasklist\vendor\laravel\framework\src\Illuminate\Database\Connection.php:664
    660|         // If an exception occurs when attempting to run a query, we'll format the error
    661|         // message to include the bindings with SQL, which will make this exception a
    662|         // lot more helpful to the developer instead of just the database's errors.
    663|         catch (Exception $e) {
  > 664|             throw new QueryException(
    665|                 $query, $this->prepareBindings($bindings), $e
    666|             );
    667|         }
    668|

  Exception trace:

  1   PDOException::("SQLSTATE[42000]: Syntax error or access violation: 1071 Specified key was too long; max key length is 767 bytes")
      C:\xampp\htdocs\Github\tuts\laravel-jptuts-tasklist\vendor\laravel\framework\src\Illuminate\Database\Connection.php:458

  2   PDOStatement::execute()
      C:\xampp\htdocs\Github\tuts\laravel-jptuts-tasklist\vendor\laravel\framework\src\Illuminate\Database\Connection.php:458

  Please use the argument -v to see more details.

C:\xampp\htdocs\Github\tuts\laravel-jptuts-tasklist>php artisan migrate
Migrating: 2014_10_12_000000_create_users_table

   Illuminate\Database\QueryException  : SQLSTATE[42S01]: Base table or view already exists: 1050 Table 'users' already exists (SQL: create table `users` (`id` bigint unsigned not nul
l auto_increment primary key, `name` varchar(191) not null, `email` varchar(191) not null, `email_verified_at` timestamp null, `password` varchar(191) not null, `remember_token` varch
ar(100) null, `created_at` timestamp null, `updated_at` timestamp null) default character set utf8mb4 collate 'utf8mb4_unicode_ci')

  at C:\xampp\htdocs\Github\tuts\laravel-jptuts-tasklist\vendor\laravel\framework\src\Illuminate\Database\Connection.php:664
    660|         // If an exception occurs when attempting to run a query, we'll format the error
    661|         // message to include the bindings with SQL, which will make this exception a
    662|         // lot more helpful to the developer instead of just the database's errors.
    663|         catch (Exception $e) {
  > 664|             throw new QueryException(
    665|                 $query, $this->prepareBindings($bindings), $e
    666|             );
    667|         }
    668|

  Exception trace:

  1   PDOException::("SQLSTATE[42S01]: Base table or view already exists: 1050 Table 'users' already exists")
      C:\xampp\htdocs\Github\tuts\laravel-jptuts-tasklist\vendor\laravel\framework\src\Illuminate\Database\Connection.php:458

  2   PDOStatement::execute()
      C:\xampp\htdocs\Github\tuts\laravel-jptuts-tasklist\vendor\laravel\framework\src\Illuminate\Database\Connection.php:458

  Please use the argument -v to see more details.

C:\xampp\htdocs\Github\tuts\laravel-jptuts-tasklist>php artisan migrate:rollback
Nothing to rollback.

C:\xampp\htdocs\Github\tuts\laravel-jptuts-tasklist>php artisan migrate
Migrating: 2014_10_12_000000_create_users_table

   Illuminate\Database\QueryException  : SQLSTATE[42S01]: Base table or view already exists: 1050 Table 'users' already exists (SQL: create table `users` (`id` bigint unsigned not nul
l auto_increment primary key, `name` varchar(191) not null, `email` varchar(191) not null, `email_verified_at` timestamp null, `password` varchar(191) not null, `remember_token` varch
ar(100) null, `created_at` timestamp null, `updated_at` timestamp null) default character set utf8mb4 collate 'utf8mb4_unicode_ci')

  at C:\xampp\htdocs\Github\tuts\laravel-jptuts-tasklist\vendor\laravel\framework\src\Illuminate\Database\Connection.php:664
    660|         // If an exception occurs when attempting to run a query, we'll format the error
    661|         // message to include the bindings with SQL, which will make this exception a
    662|         // lot more helpful to the developer instead of just the database's errors.
    663|         catch (Exception $e) {
  > 664|             throw new QueryException(
    665|                 $query, $this->prepareBindings($bindings), $e
    666|             );
    667|         }
    668|

  Exception trace:

  1   PDOException::("SQLSTATE[42S01]: Base table or view already exists: 1050 Table 'users' already exists")
      C:\xampp\htdocs\Github\tuts\laravel-jptuts-tasklist\vendor\laravel\framework\src\Illuminate\Database\Connection.php:458

  2   PDOStatement::execute()
      C:\xampp\htdocs\Github\tuts\laravel-jptuts-tasklist\vendor\laravel\framework\src\Illuminate\Database\Connection.php:458

  Please use the argument -v to see more details.

C:\xampp\htdocs\Github\tuts\laravel-jptuts-tasklist>php artisan migrate
Migrating: 2014_10_12_000000_create_users_table
Migrated:  2014_10_12_000000_create_users_table
Migrating: 2014_10_12_100000_create_password_resets_table
Migrated:  2014_10_12_100000_create_password_resets_table
Migrating: 2019_04_20_153401_create_tasks_table
Migrated:  2019_04_20_153401_create_tasks_table
